

                                                                      Page 1
ispLEVER Classic 2.0.00.17.20.15  -  Device Utilization Chart         Thu Oct 12 01:26:06 2017



--------------------------------------------------------------------------------

Module                   : 'codigo'

--------------------------------------------------------------------------------

Input files:

    ABEL PLA file        : practica_4.tt3
    Device library       : P22V10G.dev

Output files:

    Report file          : practica_4.rpt
    Programmer load file : practica_4.jed

--------------------------------------------------------------------------------


                                                                      Page 2
ispLEVER Classic 2.0.00.17.20.15  -  Device Utilization Chart         Thu Oct 12 01:26:06 2017

P22V10G Programmed Logic:
--------------------------------------------------------------------------------



X     = (  A & B );

Y     = !(  A & B );

Z     = (  !A & B 
         #   A & !B );



                                                                      Page 3
ispLEVER Classic 2.0.00.17.20.15  -  Device Utilization Chart         Thu Oct 12 01:26:06 2017

P22V10G Chip Diagram:
--------------------------------------------------------------------------------




                                   P22V10G

                         +---------\       /---------+
                         |          \     /          |
                         |           -----           |
                         |  1                    24  | Vcc                     
                         |                           |
                       A |  2                    23  |                         
                         |                           |
                       B |  3                    22  |                         
                         |                           |
                         |  4                    21  |                         
                         |                           |
                         |  5                    20  |                         
                         |                           |
                         |  6                    19  |                         
                         |                           |
                         |  7                    18  |                         
                         |                           |
                         |  8                    17  |                         
                         |                           |
                         |  9                    16  | Z                       
                         |                           |
                         | 10                    15  | !Y                      
                         |                           |
                         | 11                    14  | X                       
                         |                           |
                     GND | 12                    13  |                         
                         |                           |
                         |                           |
                         `---------------------------'

                        SIGNATURE: N/A


                                                                      Page 4
ispLEVER Classic 2.0.00.17.20.15  -  Device Utilization Chart         Thu Oct 12 01:26:06 2017

P22V10G Resource Allocations:
--------------------------------------------------------------------------------



        Device        | Resource  |   Design    |
       Resources      | Available | Requirement | Unused
======================|===========|=============|==============
                      |           |             |
Input Pins:           |           |             |
                      |           |             |
          Input:      |     12    |      2      |   10 ( 83 %)
                      |           |             |
Output Pins:          |           |             |
                      |           |             |
          In/Out:     |     10    |      3      |    7 ( 70 %)
          Output:     |      -    |      -      |    -
                      |           |             |
Buried Nodes:         |           |             |
                      |           |             |
          Input Reg:  |      -    |      -      |    -
          Pin Reg:    |     10    |      0      |   10 (100 %)
          Buried Reg: |      -    |      -      |    -


                                                                      Page 5
ispLEVER Classic 2.0.00.17.20.15  -  Device Utilization Chart         Thu Oct 12 01:26:06 2017

P22V10G Product Terms Distribution:
--------------------------------------------------------------------------------



            Signal                       |    Pin   | Terms | Terms | Terms
             Name                        | Assigned | Used  |  Max  | Unused
=========================================|==========|=======|=======|=======
X                                        |   14     |   1   |   8   |   7
Y                                        |   15     |   1   |  10   |   9
Z                                        |   16     |   2   |  12   |  10


     ==== List of Inputs/Feedbacks ====

Signal Name                              | Pin      | Pin Type
=========================================|==========|=========
A                                        |    2     | INPUT
B                                        |    3     | INPUT


                                                                      Page 6
ispLEVER Classic 2.0.00.17.20.15  -  Device Utilization Chart         Thu Oct 12 01:26:06 2017

P22V10G Unused Resources:
--------------------------------------------------------------------------------



 Pin   |  Pin   |   Product   | Flip-flop
Number |  Type  |   Terms     |   Type
=======|========|=============|==========
    4  |  INPUT |      -      |    -   
    5  |  INPUT |      -      |    -   
    6  |  INPUT |      -      |    -   
    7  |  INPUT |      -      |    -   
    8  |  INPUT |      -      |    -   
    9  |  INPUT |      -      |    -   
   10  |  INPUT |      -      |    -   
   11  |  INPUT |      -      |    -   
   13  |  INPUT |      -      |    -   
   17  |  BIDIR | NORMAL 14   |    D
   18  |  BIDIR | NORMAL 16   |    D
   19  |  BIDIR | NORMAL 16   |    D
   20  |  BIDIR | NORMAL 14   |    D
   21  |  BIDIR | NORMAL 12   |    D
   22  |  BIDIR | NORMAL 10   |    D
   23  |  BIDIR | NORMAL  8   |    D
