

                                                                      Page 1
ispLEVER Classic 2.0.00.17.20.15  -  Device Utilization Chart         Wed Oct 04 19:15:56 2017



--------------------------------------------------------------------------------

Module                   : 'codigo'

--------------------------------------------------------------------------------

Input files:

    ABEL PLA file        : problema_8.tt3
    Device library       : P22V10G.dev

Output files:

    Report file          : problema_8.rpt
    Programmer load file : problema_8.jed

--------------------------------------------------------------------------------


                                                                      Page 2
ispLEVER Classic 2.0.00.17.20.15  -  Device Utilization Chart         Wed Oct 04 19:15:56 2017

P22V10G Programmed Logic:
--------------------------------------------------------------------------------



B1     = (  !A & !D );

B2     = (  A & !B & !D 
          #   !B & !C & !D );



                                                                      Page 3
ispLEVER Classic 2.0.00.17.20.15  -  Device Utilization Chart         Wed Oct 04 19:15:56 2017

P22V10G Chip Diagram:
--------------------------------------------------------------------------------




                                   P22V10G

                         +---------\       /---------+
                         |          \     /          |
                         |           -----           |
                         |  1                    24  | Vcc                     
                         |                           |
                       A |  2                    23  |                         
                         |                           |
                       B |  3                    22  |                         
                         |                           |
                       C |  4                    21  |                         
                         |                           |
                       D |  5                    20  |                         
                         |                           |
                         |  6                    19  |                         
                         |                           |
                         |  7                    18  |                         
                         |                           |
                         |  8                    17  |                         
                         |                           |
                         |  9                    16  |                         
                         |                           |
                         | 10                    15  | B2                      
                         |                           |
                         | 11                    14  | B1                      
                         |                           |
                     GND | 12                    13  |                         
                         |                           |
                         |                           |
                         `---------------------------'

                        SIGNATURE: N/A


                                                                      Page 4
ispLEVER Classic 2.0.00.17.20.15  -  Device Utilization Chart         Wed Oct 04 19:15:56 2017

P22V10G Resource Allocations:
--------------------------------------------------------------------------------



        Device        | Resource  |   Design    |
       Resources      | Available | Requirement | Unused
======================|===========|=============|==============
                      |           |             |
Input Pins:           |           |             |
                      |           |             |
          Input:      |     12    |      4      |    8 ( 66 %)
                      |           |             |
Output Pins:          |           |             |
                      |           |             |
          In/Out:     |     10    |      2      |    8 ( 80 %)
          Output:     |      -    |      -      |    -
                      |           |             |
Buried Nodes:         |           |             |
                      |           |             |
          Input Reg:  |      -    |      -      |    -
          Pin Reg:    |     10    |      0      |   10 (100 %)
          Buried Reg: |      -    |      -      |    -


                                                                      Page 5
ispLEVER Classic 2.0.00.17.20.15  -  Device Utilization Chart         Wed Oct 04 19:15:56 2017

P22V10G Product Terms Distribution:
--------------------------------------------------------------------------------



            Signal                       |    Pin   | Terms | Terms | Terms
             Name                        | Assigned | Used  |  Max  | Unused
=========================================|==========|=======|=======|=======
B1                                       |   14     |   1   |   8   |   7
B2                                       |   15     |   2   |  10   |   8


     ==== List of Inputs/Feedbacks ====

Signal Name                              | Pin      | Pin Type
=========================================|==========|=========
A                                        |    2     | INPUT
B                                        |    3     | INPUT
C                                        |    4     | INPUT
D                                        |    5     | INPUT


                                                                      Page 6
ispLEVER Classic 2.0.00.17.20.15  -  Device Utilization Chart         Wed Oct 04 19:15:56 2017

P22V10G Unused Resources:
--------------------------------------------------------------------------------



 Pin   |  Pin   |   Product   | Flip-flop
Number |  Type  |   Terms     |   Type
=======|========|=============|==========
    6  |  INPUT |      -      |    -   
    7  |  INPUT |      -      |    -   
    8  |  INPUT |      -      |    -   
    9  |  INPUT |      -      |    -   
   10  |  INPUT |      -      |    -   
   11  |  INPUT |      -      |    -   
   13  |  INPUT |      -      |    -   
   16  |  BIDIR | NORMAL 12   |    D
   17  |  BIDIR | NORMAL 14   |    D
   18  |  BIDIR | NORMAL 16   |    D
   19  |  BIDIR | NORMAL 16   |    D
   20  |  BIDIR | NORMAL 14   |    D
   21  |  BIDIR | NORMAL 12   |    D
   22  |  BIDIR | NORMAL 10   |    D
   23  |  BIDIR | NORMAL  8   |    D
