

                                                                      Page 1
ispLEVER Classic 2.0.00.17.20.15  -  Device Utilization Chart         Wed Nov 08 20:48:51 2017



--------------------------------------------------------------------------------

Module                   : 'codigo'

--------------------------------------------------------------------------------

Input files:

    ABEL PLA file        : practica_6.tt3
    Device library       : P22V10G.dev

Output files:

    Report file          : practica_6.rpt
    Programmer load file : practica_6.jed

--------------------------------------------------------------------------------


                                                                      Page 2
ispLEVER Classic 2.0.00.17.20.15  -  Device Utilization Chart         Wed Nov 08 20:48:51 2017

P22V10G Programmed Logic:
--------------------------------------------------------------------------------



S_3_     = (  !A_3_ & B_3_ & c_0_2__n 
            #   A_3_ & !B_3_ & c_0_2__n 
            #   A_3_ & B_3_ & !c_0_2__n 
            #   !A_3_ & !B_3_ & !c_0_2__n );

CS     = (  A_3_ & B_3_ 
          #   A_3_ & !c_0_2__n 
          #   B_3_ & !c_0_2__n );

S_2_     = (  !A_2_ & B_2_ & c_0_1__n 
            #   A_2_ & !B_2_ & c_0_1__n 
            #   A_2_ & B_2_ & !c_0_1__n 
            #   !A_2_ & !B_2_ & !c_0_1__n );

S_1_     = (  !A_1_ & !A_0_ & B_1_ 
            #   A_1_ & !A_0_ & !B_1_ 
            #   A_1_ & A_0_ & B_1_ & B_0_ 
            #   !A_1_ & A_0_ & !B_1_ & B_0_ 
            #   !A_1_ & B_1_ & !B_0_ 
            #   A_1_ & !B_1_ & !B_0_ );

S_0_     = (  !A_0_ & B_0_ 
            #   A_0_ & !B_0_ );

c_0_1__n     = !(  A_1_ & B_1_ 
                #   A_1_ & A_0_ & B_0_ 
                #   A_0_ & B_1_ & B_0_ );

c_0_2__n     = (  !A_2_ & !B_2_ 
                #   !A_2_ & c_0_1__n 
                #   !B_2_ & c_0_1__n );



                                                                      Page 3
ispLEVER Classic 2.0.00.17.20.15  -  Device Utilization Chart         Wed Nov 08 20:48:51 2017

P22V10G Chip Diagram:
--------------------------------------------------------------------------------




                                   P22V10G

                         +---------\       /---------+
                         |          \     /          |
                         |           -----           |
                    A_0_ |  1                    24  | Vcc                     
                         |                           |
                    A_1_ |  2                    23  | c_0_2__n                
                         |                           |
                    A_2_ |  3                    22  | !c_0_1__n               
                         |                           |
                    A_3_ |  4                    21  |                         
                         |                           |
                    B_0_ |  5                    20  |                         
                         |                           |
                    B_1_ |  6                    19  |                         
                         |                           |
                    B_2_ |  7                    18  | CS                      
                         |                           |
                    B_3_ |  8                    17  | S_3_                    
                         |                           |
                         |  9                    16  | S_2_                    
                         |                           |
                         | 10                    15  | S_1_                    
                         |                           |
                         | 11                    14  | S_0_                    
                         |                           |
                     GND | 12                    13  |                         
                         |                           |
                         |                           |
                         `---------------------------'

                        SIGNATURE: N/A


                                                                      Page 4
ispLEVER Classic 2.0.00.17.20.15  -  Device Utilization Chart         Wed Nov 08 20:48:51 2017

P22V10G Resource Allocations:
--------------------------------------------------------------------------------



        Device        | Resource  |   Design    |
       Resources      | Available | Requirement | Unused
======================|===========|=============|==============
                      |           |             |
Input Pins:           |           |             |
                      |           |             |
          Input:      |     12    |      8      |    4 ( 33 %)
                      |           |             |
Output Pins:          |           |             |
                      |           |             |
          In/Out:     |     10    |      7      |    3 ( 30 %)
          Output:     |      -    |      -      |    -
                      |           |             |
Buried Nodes:         |           |             |
                      |           |             |
          Input Reg:  |      -    |      -      |    -
          Pin Reg:    |     10    |      0      |   10 (100 %)
          Buried Reg: |      -    |      -      |    -


                                                                      Page 5
ispLEVER Classic 2.0.00.17.20.15  -  Device Utilization Chart         Wed Nov 08 20:48:51 2017

P22V10G Product Terms Distribution:
--------------------------------------------------------------------------------



            Signal                       |    Pin   | Terms | Terms | Terms
             Name                        | Assigned | Used  |  Max  | Unused
=========================================|==========|=======|=======|=======
S_3_                                     |   17     |   4   |  14   |  10
CS                                       |   18     |   3   |  16   |  13
S_2_                                     |   16     |   4   |  12   |   8
S_1_                                     |   15     |   6   |  10   |   4
S_0_                                     |   14     |   2   |   8   |   6
c_0_1__n                                 |   22     |   3   |  10   |   7
c_0_2__n                                 |   23     |   3   |   8   |   5


     ==== List of Inputs/Feedbacks ====

Signal Name                              | Pin      | Pin Type
=========================================|==========|=========
A_3_                                     |    4     | INPUT
B_3_                                     |    8     | INPUT
A_2_                                     |    3     | INPUT
A_1_                                     |    2     | INPUT
A_0_                                     |    1     | CLK/IN
B_2_                                     |    7     | INPUT
B_1_                                     |    6     | INPUT
B_0_                                     |    5     | INPUT
c_0_1__n                                 |   22     | BIDIR
c_0_2__n                                 |   23     | BIDIR


                                                                      Page 6
ispLEVER Classic 2.0.00.17.20.15  -  Device Utilization Chart         Wed Nov 08 20:48:51 2017

P22V10G Unused Resources:
--------------------------------------------------------------------------------



 Pin   |  Pin   |   Product   | Flip-flop
Number |  Type  |   Terms     |   Type
=======|========|=============|==========
    9  |  INPUT |      -      |    -   
   10  |  INPUT |      -      |    -   
   11  |  INPUT |      -      |    -   
   13  |  INPUT |      -      |    -   
   19  |  BIDIR | NORMAL 16   |    D
   20  |  BIDIR | NORMAL 14   |    D
   21  |  BIDIR | NORMAL 12   |    D
